final EIP 0x700000f0  ESP 0x500fe980
---- events (2877) ----
   ('GlobalAlloc', '0x18', '0x3c180000')
   ('GlobalAlloc', '0x18', '0x3c190000')
   ('GlobalAlloc', '0x18', '0x3c1a0000')
   ('GlobalAlloc', '0x18', '0x3c1b0000')
   ('GlobalAlloc', '0x18', '0x3c1c0000')
   ('GlobalAlloc', '0x18', '0x3c1d0000')
   ('GlobalAlloc', '0x18', '0x3c1e0000')
   ('GlobalAlloc', '0x28', '0x3c1f0000')
   ('GlobalAlloc', '0x28', '0x3c200000')
   ('GlobalAlloc', '0x28', '0x3c210000')
   ('GlobalAlloc', '0x28', '0x3c220000')
   ('GlobalAlloc', '0x28', '0x3c230000')
   ('GlobalAlloc', '0x28', '0x3c240000')
   ('GlobalAlloc', '0x28', '0x3c250000')
   ('GlobalAlloc', '0x208', '0x3c260000')
   ('GlobalAlloc', '0x18', '0x3c270000')
   ('GlobalAlloc', '0x28', '0x3c280000')
   ('GlobalAlloc', '0x1c', '0x3c290000')
   ('VirtualProtect', '0x1029b000', '0xd000', 'prot=0x4')
   ('GlobalAlloc', '0x18', '0x3c2a0000')
   ('GlobalAlloc', '0x3c', '0x3c2b0000')
   ('GlobalAlloc', '0x8000', '0x3c2c0000')
   ('GlobalAlloc', '0x480', '0x3c2d0000')
   ('GlobalAlloc', '0x48', '0x3c2e0000')
   ('GlobalAlloc', '0x48', '0x3c2f0000')
   ('GlobalAlloc', '0x18', '0x3c300000')
   ('GlobalAlloc', '0x1c', '0x3c310000')
   ('VirtualProtect', '0x10101000', '0x2d8', 'prot=0x4')
   ('MISSING PROC', b'GetLogicalDriveStringsA')
   ('MessageBox', b'', b'Unable to locate exported function GetLogicalDriveStringsA in KERNEL32.dll')
OEP: None
wrote unpacked2.bin 2818048
