final EIP 0x100f8559
---- events (95) ----
   AUTO-PROC HeapReAlloc
   AUTO-PROC HeapFree
   AUTO-PROC LoadResource
   AUTO-PROC FindResourceExA
   AUTO-PROC GetCursorPos
   AUTO-PROC DrawTextA
   AUTO-PROC LoadBitmapA
   AUTO-PROC FillRect
   AUTO-PROC UnregisterClassA
   AUTO-PROC LoadStringA
   AUTO-PROC GetDoubleClickTime
   AUTO-PROC SetWindowLongA
   AUTO-PROC SetFocus
   AUTO-PROC CreateWindowExA
   AUTO-PROC GetWindowTextA
   AUTO-PROC DestroyWindow
   AUTO-PROC GetWindowRect
   AUTO-PROC TrackPopupMenu
   AUTO-PROC AppendMenuA
   AUTO-PROC DestroyMenu
   AUTO-PROC CreatePopupMenu
   AUTO-PROC PeekMessageA
   AUTO-PROC GetWindowLongA
   AUTO-PROC CallWindowProcA
   AUTO-PROC GetParent
   AUTO-PROC IsClipboardFormatAvailable
   AUTO-PROC SetWindowTextA
   AUTO-PROC LoadCursorA
   AUTO-PROC GetSysColorBrush
   AUTO-PROC RegisterClassA
   AUTO-PROC GetUpdateRect
   AUTO-PROC DefWindowProcA
   AUTO-PROC DispatchMessageA
   AUTO-PROC GetClipboardData
   AUTO-PROC EmptyClipboard
   AUTO-PROC SetClipboardData
   AUTO-PROC OpenClipboard
   AUTO-PROC CloseClipboard
   AUTO-PROC SetCursor
   AUTO-PROC GetCursor
   AUTO-PROC SetMapMode
   AUTO-PROC CreateFontIndirectA
   AUTO-PROC DPtoLP
   AUTO-PROC CreateSolidBrush
   AUTO-PROC GetMapMode
   AUTO-PROC CreateBitmap
   AUTO-PROC GetCurrentObject
   AUTO-PROC MoveToEx
   AUTO-PROC SetBkMode
   AUTO-PROC LineTo
   AUTO-PROC Arc
   AUTO-PROC CreatePenIndirect
   AUTO-PROC GetTextExtentPoint32A
   AUTO-PROC CreateBrushIndirect
   AUTO-PROC FindExecutableA
   AUTO-PROC DragQueryFileA
   AUTO-PROC CoCreateInstance
   AUTO-PROC OleUninitialize
   AUTO-PROC RegisterDragDrop
   LEFT PACKER -> 0x100f8559
OEP: 0x100f8559
wrote unpacked2.bin 2818048
