final EIP 0x100f8559
---- events (95) ----
   AUTO-PROC HeapReAlloc
   AUTO-PROC HeapFree
   AUTO-PROC LoadResource
   AUTO-PROC FindResourceExA
   AUTO-PROC GetCursorPos
   AUTO-PROC DrawTextA
   AUTO-PROC LoadBitmapA
   AUTO-PROC FillRect
   AUTO-PROC UnregisterClassA
   AUTO-PROC LoadStringA
   AUTO-PROC GetDoubleClickTime
   AUTO-PROC SetWindowLongA
   AUTO-PROC SetFocus
   AUTO-PROC CreateWindowExA
   AUTO-PROC GetWindowTextA
   AUTO-PROC DestroyWindow
   AUTO-PROC GetWindowRect
   AUTO-PROC TrackPopupMenu
   AUTO-PROC AppendMenuA
   AUTO-PROC DestroyMenu
   AUTO-PROC CreatePopupMenu
   AUTO-PROC PeekMessageA
   AUTO-PROC GetWindowLongA
   AUTO-PROC CallWindowProcA
   AUTO-PROC GetParent
   AUTO-PROC IsClipboardFormatAvailable
   AUTO-PROC SetWindowTextA
   AUTO-PROC LoadCursorA
   AUTO-PROC GetSysColorBrush
   AUTO-PROC RegisterClassA
   AUTO-PROC GetUpdateRect
   AUTO-PROC DefWindowProcA
   AUTO-PROC DispatchMessageA
   AUTO-PROC GetClipboardData
   AUTO-PROC EmptyClipboard
   AUTO-PROC SetClipboardData
   AUTO-PROC OpenClipboard
   AUTO-PROC CloseClipboard
   AUTO-PROC SetCursor
   AUTO-PROC GetCursor
   AUTO-PROC SetMapMode
   AUTO-PROC CreateFontIndirectA
   AUTO-PROC DPtoLP
   AUTO-PROC CreateSolidBrush
   AUTO-PROC GetMapMode
   AUTO-PROC CreateBitmap
   AUTO-PROC GetCurrentObject
   AUTO-PROC MoveToEx
   AUTO-PROC SetBkMode
   AUTO-PROC LineTo
   AUTO-PROC Arc
   AUTO-PROC CreatePenIndirect
   AUTO-PROC GetTextExtentPoint32A
   AUTO-PROC CreateBrushIndirect
   AUTO-PROC FindExecutableA
   AUTO-PROC DragQueryFileA
   AUTO-PROC CoCreateInstance
   AUTO-PROC OleUninitialize
   AUTO-PROC RegisterDragDrop
   LEFT PACKER -> 0x100f8559
OEP: 0x100f8559
wrote unpacked2.bin 2818048

=== VirtualProtect 调用 (9 次) ===
   lpAddress=0x10008000  dwSize=0x0f9000  flNewProtect=0x04  (调用点 0x102a8a1d)
   lpAddress=0x10101000  dwSize=0x002000  flNewProtect=0x04  (调用点 0x102a8a1d)
   lpAddress=0x10103000  dwSize=0x007000  flNewProtect=0x04  (调用点 0x102a8a1d)
   lpAddress=0x10186000  dwSize=0x01c000  flNewProtect=0x04  (调用点 0x102a8a1d)
   lpAddress=0x101a2000  dwSize=0x001000  flNewProtect=0x04  (调用点 0x102a8a1d)
   lpAddress=0x101a4000  dwSize=0x0f62c2  flNewProtect=0x04  (调用点 0x102a8a1d)
   lpAddress=0x1029b000  dwSize=0x00d000  flNewProtect=0x04  (调用点 0x102a8a1d)
   lpAddress=0x10101000  dwSize=0x0002d8  flNewProtect=0x04  (调用点 0x102a8aac)
   lpAddress=0x10101000  dwSize=0x0002d8  flNewProtect=0x40  (调用点 0x102a8ba6)

=== 三个补丁点命中情况 ===
   0x102a8a15: ★ 执行了
   0x102a8aa7: ★ 执行了
   0x102a8d3b:   未执行
